
Training Data Shape: torch.Size([100, 1]), torch.Size([100, 1])

--- TEST NAME: sine_parameter_scaling 	 Single Kernel 	 Hidden Sizes: (16, 16) ---

Iteration 2: New best loss = 0.4190243184566498
Iteration 3: New best loss = 0.3808906078338623
Iteration 4: New best loss = 0.3627568781375885
Iteration 5: New best loss = 0.32982325553894043
Iteration 6: New best loss = 0.30242905020713806
Iteration 7: New best loss = 0.28718504309654236
Iteration 8: New best loss = 0.265669584274292
Iteration 9: New best loss = 0.25134649872779846
Iteration 10: New best loss = 0.23570993542671204
Iteration 11: New best loss = 0.22394658625125885
Iteration 12: New best loss = 0.2138911634683609
Iteration 13: New best loss = 0.2040599286556244
Iteration 14: New best loss = 0.19985567033290863
Iteration 15: New best loss = 0.19321270287036896
Iteration 16: New best loss = 0.18524070084095
Iteration 17: New best loss = 0.181824192404747
Iteration 18: New best loss = 0.17768791317939758
Iteration 19: New best loss = 0.1759321391582489
Iteration 20: New best loss = 0.17403417825698853
Iteration 21: New best loss = 0.17168909311294556
Iteration 22: New best loss = 0.16989780962467194
Iteration 23: New best loss = 0.1676614135503769
Iteration 24: New best loss = 0.16555753350257874
Iteration 25: New best loss = 0.1638697236776352
Iteration 26: New best loss = 0.16142874956130981
Iteration 27: New best loss = 0.15905357897281647
Iteration 28: New best loss = 0.1575426161289215
Iteration 29: New best loss = 0.15555424988269806
Iteration 30: New best loss = 0.15382909774780273
Iteration 31: New best loss = 0.1525442749261856
Iteration 32: New best loss = 0.15144063532352448
Iteration 33: New best loss = 0.15026740729808807
Iteration 34: New best loss = 0.1480696052312851
Iteration 35: New best loss = 0.14693309366703033
Iteration 36: New best loss = 0.1458260416984558
Iteration 37: New best loss = 0.14450472593307495
Iteration 38: New best loss = 0.14320725202560425
Iteration 39: New best loss = 0.14196044206619263
Iteration 40: New best loss = 0.14076432585716248
Iteration 41: New best loss = 0.1396188884973526
Iteration 42: New best loss = 0.13824540376663208
Iteration 43: New best loss = 0.136467844247818
Iteration 44: New best loss = 0.13501213490962982
Iteration 45: New best loss = 0.1336442232131958
Iteration 46: New best loss = 0.13236412405967712
Iteration 47: New best loss = 0.1311718076467514
Iteration 48: New best loss = 0.13006728887557983
Iteration 49: New best loss = 0.12898316979408264
Iteration 50: New best loss = 0.12376407533884048
Iteration 51: New best loss = 0.12104017287492752
Iteration 52: New best loss = 0.1189761757850647
Iteration 53: New best loss = 0.11718162894248962
Iteration 54: New best loss = 0.1155150830745697
Iteration 55: New best loss = 0.11397651582956314
Iteration 56: New best loss = 0.11256593465805054
Iteration 57: New best loss = 0.11061419546604156
Iteration 58: New best loss = 0.10856810212135315
Iteration 59: New best loss = 0.10696578770875931
Iteration 60: New best loss = 0.10553707927465439
Iteration 61: New best loss = 0.10428199917078018
Iteration 62: New best loss = 0.1026703417301178
Iteration 63: New best loss = 0.09702284634113312
Iteration 64: New best loss = 0.09415431320667267
Iteration 65: New best loss = 0.0917431190609932
Iteration 66: New best loss = 0.08986708521842957
Iteration 67: New best loss = 0.08778324723243713
Iteration 68: New best loss = 0.08591490983963013
Iteration 69: New best loss = 0.084259532392025
Iteration 70: New best loss = 0.08281714469194412
Iteration 71: New best loss = 0.08158774673938751
Iteration 72: New best loss = 0.07956841588020325
Iteration 73: New best loss = 0.07715646177530289
Iteration 74: New best loss = 0.07221214473247528
Iteration 75: New best loss = 0.0704902783036232
Iteration 76: New best loss = 0.06879505515098572
Iteration 77: New best loss = 0.06704084575176239
Iteration 78: New best loss = 0.06549962610006332
Iteration 79: New best loss = 0.06417138874530792
Iteration 80: New best loss = 0.06293097138404846
Iteration 81: New best loss = 0.0609331950545311
Iteration 82: New best loss = 0.05937542766332626
Iteration 83: New best loss = 0.058049727231264114
Iteration 84: New best loss = 0.05695609003305435
Iteration 85: New best loss = 0.056031059473752975
Iteration 86: New best loss = 0.05418457090854645
Iteration 87: New best loss = 0.05261798948049545
Iteration 88: New best loss = 0.05128348246216774
Iteration 89: New best loss = 0.050181031227111816
Iteration 90: New best loss = 0.04931064695119858
Iteration 91: New best loss = 0.048543572425842285
Iteration 92: New best loss = 0.04740974307060242
Iteration 93: New best loss = 0.0464702807366848
Iteration 94: New best loss = 0.04572516307234764
Iteration 95: New best loss = 0.04422425851225853
Iteration 96: New best loss = 0.04276411235332489
Iteration 97: New best loss = 0.04154125228524208
Iteration 98: New best loss = 0.04051276296377182
Iteration 99: New best loss = 0.039678629487752914
Iteration 100: New best loss = 0.039038848131895065
Iteration 100: Best current loss = 0.039038848131895065
Search completed after 100 iterations.
Best loss found: 0.039038848131895065
Total training time: 43.5239 seconds

--- TEST NAME: sine_parameter_scaling 	 Single Kernel 	 Hidden Sizes: (32, 16) ---

Iteration 2: New best loss = 0.5593963265419006
Iteration 3: New best loss = 0.5269795060157776
Iteration 4: New best loss = 0.49168461561203003
Iteration 5: New best loss = 0.46718016266822815
Iteration 6: New best loss = 0.43172281980514526
Iteration 7: New best loss = 0.40648865699768066
Iteration 8: New best loss = 0.3795110285282135
Iteration 9: New best loss = 0.353547066450119
Iteration 10: New best loss = 0.33504924178123474
Iteration 11: New best loss = 0.308355450630188
Iteration 12: New best loss = 0.2924520969390869
Iteration 13: New best loss = 0.2709137797355652
Iteration 14: New best loss = 0.25428062677383423
Iteration 15: New best loss = 0.24122211337089539
Iteration 16: New best loss = 0.22385910153388977
Iteration 17: New best loss = 0.21682249009609222
Iteration 18: New best loss = 0.20596973598003387
Iteration 19: New best loss = 0.1933533102273941
Iteration 20: New best loss = 0.19036124646663666
Iteration 21: New best loss = 0.18747073411941528
Iteration 22: New best loss = 0.18450544774532318
Iteration 23: New best loss = 0.17658616602420807
Iteration 24: New best loss = 0.1697847992181778
Iteration 25: New best loss = 0.16737991571426392
Iteration 26: New best loss = 0.16516943275928497
Iteration 27: New best loss = 0.16256381571292877
Iteration 28: New best loss = 0.1600111424922943
Iteration 29: New best loss = 0.15743808448314667
Iteration 30: New best loss = 0.1547338366508484
Iteration 31: New best loss = 0.15186594426631927
Iteration 32: New best loss = 0.1491660475730896
Iteration 33: New best loss = 0.14663416147232056
Iteration 34: New best loss = 0.14427027106285095
Iteration 35: New best loss = 0.142065167427063
Iteration 36: New best loss = 0.13857737183570862
Iteration 37: New best loss = 0.13610969483852386
Iteration 38: New best loss = 0.13348378241062164
Iteration 39: New best loss = 0.13092881441116333
Iteration 40: New best loss = 0.12857110798358917
Iteration 41: New best loss = 0.1264106184244156
Iteration 42: New best loss = 0.12444736808538437
Iteration 43: New best loss = 0.12259320169687271
Iteration 44: New best loss = 0.11867234110832214
Iteration 45: New best loss = 0.11665571480989456
Iteration 46: New best loss = 0.11494508385658264
Iteration 47: New best loss = 0.11307770013809204
Iteration 48: New best loss = 0.11096752434968948
Iteration 49: New best loss = 0.10913388431072235
Iteration 50: New best loss = 0.10755432397127151
Iteration 51: New best loss = 0.10603877902030945
Iteration 52: New best loss = 0.1045493334531784
Iteration 53: New best loss = 0.10306985676288605
Iteration 54: New best loss = 0.10185609012842178
Iteration 55: New best loss = 0.10036270320415497
Iteration 56: New best loss = 0.09897897392511368
Iteration 57: New best loss = 0.0978609248995781
Iteration 58: New best loss = 0.09621341526508331
Iteration 59: New best loss = 0.09383484721183777
Iteration 60: New best loss = 0.09232625365257263
Iteration 61: New best loss = 0.09090498089790344
Iteration 62: New best loss = 0.08963070809841156
Iteration 63: New best loss = 0.08812971413135529
Iteration 64: New best loss = 0.08580396324396133
Iteration 65: New best loss = 0.08419592678546906
Iteration 66: New best loss = 0.08274980634450912
Iteration 67: New best loss = 0.08126987516880035
Iteration 68: New best loss = 0.07941970974206924
Iteration 69: New best loss = 0.07775715738534927
Iteration 70: New best loss = 0.07600463181734085
Iteration 71: New best loss = 0.07305047661066055
Iteration 72: New best loss = 0.07085126638412476
Iteration 73: New best loss = 0.06890740990638733
Iteration 74: New best loss = 0.06721891462802887
Iteration 75: New best loss = 0.0650743916630745
Iteration 76: New best loss = 0.06250263005495071
Iteration 77: New best loss = 0.060551080852746964
Iteration 78: New best loss = 0.0589330680668354
Iteration 79: New best loss = 0.05688998103141785
Iteration 80: New best loss = 0.05423574522137642
Iteration 81: New best loss = 0.05250629410147667
Iteration 82: New best loss = 0.05042913928627968
Iteration 83: New best loss = 0.048580069094896317
Iteration 84: New best loss = 0.04725266620516777
Iteration 85: New best loss = 0.04621715471148491
Iteration 86: New best loss = 0.04427850618958473
Iteration 87: New best loss = 0.042673248797655106
Iteration 88: New best loss = 0.04181431606411934
Iteration 89: New best loss = 0.040999870747327805
Iteration 90: New best loss = 0.0393601655960083
Iteration 91: New best loss = 0.03831692785024643
Iteration 92: New best loss = 0.037364620715379715
Iteration 93: New best loss = 0.036150068044662476
Iteration 94: New best loss = 0.034909993410110474
Iteration 95: New best loss = 0.03336493298411369
Iteration 96: New best loss = 0.031453937292099
Iteration 97: New best loss = 0.030289268121123314
Iteration 98: New best loss = 0.029742486774921417
Iteration 99: New best loss = 0.029236793518066406
Iteration 100: New best loss = 0.028605785220861435
Iteration 100: Best current loss = 0.028605785220861435
Search completed after 100 iterations.
Best loss found: 0.028605785220861435
Total training time: 83.2068 seconds

--- TEST NAME: sine_parameter_scaling 	 Single Kernel 	 Hidden Sizes: (64, 32) ---

Iteration 2: New best loss = 0.36922726035118103
Iteration 3: New best loss = 0.3252326548099518
Iteration 4: New best loss = 0.301238089799881
Iteration 5: New best loss = 0.287577748298645
Iteration 6: New best loss = 0.27411070466041565
Iteration 7: New best loss = 0.26034900546073914
Iteration 8: New best loss = 0.2502133846282959
Iteration 9: New best loss = 0.24359847605228424
Iteration 10: New best loss = 0.2288714349269867
Iteration 11: New best loss = 0.22310741245746613
Iteration 12: New best loss = 0.21710720658302307
Iteration 13: New best loss = 0.20686905086040497
Iteration 14: New best loss = 0.20286940038204193
Iteration 15: New best loss = 0.19933012127876282
Iteration 16: New best loss = 0.19610270857810974
Iteration 17: New best loss = 0.19316844642162323
Iteration 18: New best loss = 0.19058358669281006
Iteration 19: New best loss = 0.188370481133461
Iteration 20: New best loss = 0.1860894411802292
Iteration 21: New best loss = 0.17951776087284088
Iteration 22: New best loss = 0.17676638066768646
Iteration 23: New best loss = 0.17504720389842987
Iteration 24: New best loss = 0.17389272153377533
Iteration 25: New best loss = 0.1700400412082672
Iteration 26: New best loss = 0.15212002396583557
Iteration 27: New best loss = 0.14831221103668213
Iteration 28: New best loss = 0.14211298525333405
Iteration 29: New best loss = 0.13094350695610046
Iteration 30: New best loss = 0.1224023699760437
Iteration 31: New best loss = 0.11952445656061172
Iteration 32: New best loss = 0.11694427579641342
Iteration 33: New best loss = 0.11463356763124466
Iteration 34: New best loss = 0.11046161502599716
Iteration 35: New best loss = 0.10792180895805359
Iteration 36: New best loss = 0.10336712747812271
Iteration 37: New best loss = 0.09906376153230667
Iteration 38: New best loss = 0.09713190048933029
Iteration 39: New best loss = 0.09557359665632248
Iteration 40: New best loss = 0.09270324558019638
Iteration 41: New best loss = 0.09027858078479767
Iteration 42: New best loss = 0.08775289356708527
Iteration 43: New best loss = 0.08567329496145248
Iteration 44: New best loss = 0.08388525247573853
Iteration 45: New best loss = 0.0825212225317955
Iteration 46: New best loss = 0.08171803504228592
Iteration 47: New best loss = 0.0804409310221672
Iteration 48: New best loss = 0.07980135828256607
Iteration 49: New best loss = 0.0792887881398201
Iteration 50: New best loss = 0.07878538966178894
Iteration 51: New best loss = 0.0778186097741127
Iteration 52: New best loss = 0.0773695632815361
Iteration 53: New best loss = 0.07703831046819687
Iteration 54: New best loss = 0.07436151802539825
Iteration 55: New best loss = 0.07286831736564636
Iteration 56: New best loss = 0.0723043754696846
Iteration 57: New best loss = 0.07177624106407166
Iteration 58: New best loss = 0.07095236331224442
Iteration 59: New best loss = 0.07039852440357208
Iteration 60: New best loss = 0.06894896924495697
Iteration 61: New best loss = 0.06783434748649597
Iteration 62: New best loss = 0.0673515573143959
Iteration 63: New best loss = 0.06680803000926971
Iteration 64: New best loss = 0.06640146672725677
Iteration 65: New best loss = 0.06587696820497513
Iteration 66: New best loss = 0.06434519588947296
Iteration 67: New best loss = 0.06401415914297104
Iteration 68: New best loss = 0.0636199563741684
Iteration 69: New best loss = 0.06313791126012802
Iteration 70: New best loss = 0.06267353892326355
Iteration 71: New best loss = 0.062143824994564056
Iteration 72: New best loss = 0.061629027128219604
Iteration 73: New best loss = 0.061206407845020294
Iteration 74: New best loss = 0.06058003008365631
Iteration 75: New best loss = 0.05938078835606575
Iteration 76: New best loss = 0.05897163227200508
Iteration 77: New best loss = 0.058522116392850876
Iteration 78: New best loss = 0.05818571895360947
Iteration 79: New best loss = 0.05782554671168327
Iteration 80: New best loss = 0.057504165917634964
Iteration 81: New best loss = 0.05695293843746185
Iteration 82: New best loss = 0.05640595778822899
Iteration 83: New best loss = 0.05612657591700554
Iteration 84: New best loss = 0.055663302540779114
Iteration 85: New best loss = 0.05510110780596733
Iteration 86: New best loss = 0.05485684424638748
Iteration 87: New best loss = 0.054638396948575974
Iteration 88: New best loss = 0.0543133020401001
Iteration 89: New best loss = 0.05407709628343582
Iteration 90: New best loss = 0.053748033940792084
Iteration 91: New best loss = 0.05344313010573387
Iteration 92: New best loss = 0.05316994711756706
Iteration 93: New best loss = 0.052943021059036255
Iteration 94: New best loss = 0.05256085470318794
Iteration 95: New best loss = 0.05238741263747215
Iteration 96: New best loss = 0.05193733051419258
Iteration 97: New best loss = 0.05163584649562836
Iteration 98: New best loss = 0.05145450681447983
Iteration 99: New best loss = 0.05118636041879654
Iteration 100: New best loss = 0.050849393010139465
Iteration 100: Best current loss = 0.050849393010139465
Search completed after 100 iterations.
Best loss found: 0.050849393010139465
Total training time: 83.9603 seconds

--- TEST NAME: sine_parameter_scaling 	 Single Kernel 	 Hidden Sizes: (128, 64) ---

Iteration 2: New best loss = 0.35631802678108215
Iteration 3: New best loss = 0.32608088850975037
Iteration 4: New best loss = 0.3015535771846771
Iteration 5: New best loss = 0.283560186624527
Iteration 6: New best loss = 0.27192673087120056
Iteration 7: New best loss = 0.25135287642478943
Iteration 8: New best loss = 0.24368852376937866
Iteration 9: New best loss = 0.22724290192127228
Iteration 10: New best loss = 0.21679948270320892
Iteration 11: New best loss = 0.20886237919330597
Iteration 12: New best loss = 0.2040574997663498
Iteration 13: New best loss = 0.1998775601387024
Iteration 14: New best loss = 0.19509848952293396
Iteration 15: New best loss = 0.19123852252960205
Iteration 16: New best loss = 0.1878661960363388
Iteration 17: New best loss = 0.1853211224079132
Iteration 18: New best loss = 0.18340331315994263
Iteration 19: New best loss = 0.18152755498886108
Iteration 20: New best loss = 0.17950569093227386
Iteration 21: New best loss = 0.17780984938144684
Iteration 22: New best loss = 0.17644254863262177
Iteration 23: New best loss = 0.17543606460094452
Iteration 24: New best loss = 0.17440800368785858
Iteration 25: New best loss = 0.17296595871448517
Iteration 26: New best loss = 0.17167820036411285
Iteration 27: New best loss = 0.17067337036132812
Iteration 28: New best loss = 0.16877655684947968
Iteration 29: New best loss = 0.16728006303310394
Iteration 30: New best loss = 0.16573628783226013
Iteration 31: New best loss = 0.16324123740196228
Iteration 32: New best loss = 0.16203854978084564
Iteration 33: New best loss = 0.16156049072742462
Iteration 34: New best loss = 0.1608029007911682
Iteration 35: New best loss = 0.1585788130760193
Iteration 36: New best loss = 0.15808676183223724
Iteration 37: New best loss = 0.15755420923233032
Iteration 38: New best loss = 0.1566787213087082
Iteration 39: New best loss = 0.15572278201580048
Iteration 40: New best loss = 0.15439075231552124
Iteration 41: New best loss = 0.15335074067115784
Iteration 42: New best loss = 0.15181121230125427
Iteration 43: New best loss = 0.15108785033226013
Iteration 44: New best loss = 0.15014828741550446
Iteration 45: New best loss = 0.14964832365512848
Iteration 46: New best loss = 0.14918328821659088
Iteration 47: New best loss = 0.14876504242420197
Iteration 48: New best loss = 0.14841629564762115
Iteration 49: New best loss = 0.14808107912540436
Iteration 50: New best loss = 0.14761514961719513
Iteration 51: New best loss = 0.14733940362930298
Iteration 52: New best loss = 0.14709340035915375
Iteration 53: New best loss = 0.1467641294002533
Iteration 54: New best loss = 0.1463034749031067
Iteration 55: New best loss = 0.14588186144828796
Iteration 56: New best loss = 0.1455605924129486
Iteration 57: New best loss = 0.1453096568584442
Iteration 58: New best loss = 0.14513187110424042
Iteration 59: New best loss = 0.14490839838981628
Iteration 60: New best loss = 0.14441539347171783
Iteration 61: New best loss = 0.14416168630123138
Iteration 62: New best loss = 0.1439027637243271
Iteration 63: New best loss = 0.14375868439674377
Iteration 64: New best loss = 0.14362847805023193
Iteration 65: New best loss = 0.14351016283035278
Iteration 66: New best loss = 0.14333896338939667
Iteration 67: New best loss = 0.14306190609931946
Iteration 68: New best loss = 0.14291414618492126
Iteration 69: New best loss = 0.14275960624217987
Iteration 70: New best loss = 0.1410725712776184
Iteration 71: New best loss = 0.13712669909000397
Iteration 72: New best loss = 0.13577184081077576
Iteration 73: New best loss = 0.1346593052148819
Iteration 74: New best loss = 0.13386739790439606
Iteration 75: New best loss = 0.13295823335647583
Iteration 76: New best loss = 0.1323769986629486
Iteration 77: New best loss = 0.13177435100078583
Iteration 78: New best loss = 0.13133254647254944
Iteration 79: New best loss = 0.13092577457427979
Iteration 80: New best loss = 0.1304745376110077
Iteration 81: New best loss = 0.13000841438770294
Iteration 82: New best loss = 0.12974253296852112
Iteration 83: New best loss = 0.12884731590747833
Iteration 84: New best loss = 0.12796291708946228
Iteration 85: New best loss = 0.1270586997270584
Iteration 86: New best loss = 0.12425465881824493
Iteration 87: New best loss = 0.1238926574587822
Iteration 88: New best loss = 0.12340180575847626
Iteration 89: New best loss = 0.12242915481328964
Iteration 90: New best loss = 0.11233240365982056
Iteration 91: New best loss = 0.10421391576528549
Iteration 92: New best loss = 0.09984762966632843
Iteration 93: New best loss = 0.09611411392688751
Iteration 94: New best loss = 0.09325103461742401
Iteration 95: New best loss = 0.09136666357517242
Iteration 96: New best loss = 0.08999300003051758
Iteration 97: New best loss = 0.08781491219997406
Iteration 98: New best loss = 0.08500196784734726
Iteration 99: New best loss = 0.08345117419958115
Iteration 100: New best loss = 0.08175134658813477
Iteration 100: Best current loss = 0.08175134658813477
Search completed after 100 iterations.
Best loss found: 0.08175134658813477
Total training time: 94.4383 seconds

--- TEST NAME: sine_parameter_scaling 	 Single Kernel 	 Hidden Sizes: (128, 128) ---

Iteration 2: New best loss = 0.547356128692627
Iteration 3: New best loss = 0.5101689696311951
Iteration 4: New best loss = 0.47790682315826416
Iteration 5: New best loss = 0.4367716312408447
Iteration 6: New best loss = 0.41563624143600464
Iteration 7: New best loss = 0.38093945384025574
Iteration 8: New best loss = 0.35991910099983215
Iteration 9: New best loss = 0.3304481506347656
Iteration 10: New best loss = 0.3167492151260376
Iteration 11: New best loss = 0.2934546172618866
Iteration 12: New best loss = 0.28001075983047485
Iteration 13: New best loss = 0.2632538080215454
Iteration 14: New best loss = 0.25387582182884216
Iteration 15: New best loss = 0.24488352239131927
Iteration 16: New best loss = 0.23338936269283295
Iteration 17: New best loss = 0.22923006117343903
Iteration 18: New best loss = 0.22356632351875305
Iteration 19: New best loss = 0.21584346890449524
Iteration 20: New best loss = 0.2069554328918457
Iteration 21: New best loss = 0.20305481553077698
Iteration 22: New best loss = 0.1997224986553192
Iteration 23: New best loss = 0.1964729279279709
Iteration 24: New best loss = 0.1931001991033554
Iteration 25: New best loss = 0.19018632173538208
Iteration 26: New best loss = 0.1880161315202713
Iteration 27: New best loss = 0.18654195964336395
Iteration 28: New best loss = 0.18444295227527618
Iteration 29: New best loss = 0.1813497543334961
Iteration 30: New best loss = 0.17909173667430878
Iteration 31: New best loss = 0.17746679484844208
Iteration 32: New best loss = 0.1762920618057251
Iteration 33: New best loss = 0.17496798932552338
Iteration 34: New best loss = 0.17402535676956177
Iteration 35: New best loss = 0.1735016405582428
Iteration 36: New best loss = 0.17157763242721558
Iteration 37: New best loss = 0.1693241447210312
Iteration 38: New best loss = 0.1680229753255844
Iteration 39: New best loss = 0.16738183796405792
Iteration 40: New best loss = 0.16679517924785614
Iteration 41: New best loss = 0.16635912656784058
Iteration 42: New best loss = 0.16547809541225433
Iteration 43: New best loss = 0.16498973965644836
Iteration 44: New best loss = 0.1643320471048355
Iteration 45: New best loss = 0.16408634185791016
Iteration 46: New best loss = 0.16339831054210663
Iteration 47: New best loss = 0.1630062460899353
Iteration 48: New best loss = 0.1622830182313919
Iteration 49: New best loss = 0.161320298910141
Iteration 50: New best loss = 0.16047675907611847
Iteration 51: New best loss = 0.15981628000736237
Iteration 52: New best loss = 0.1595548391342163
Iteration 53: New best loss = 0.1593821495771408
Iteration 54: New best loss = 0.15928252041339874
Iteration 55: New best loss = 0.15750502049922943
Iteration 56: New best loss = 0.15676145255565643
Iteration 57: New best loss = 0.1566949337720871
Iteration 58: New best loss = 0.15552133321762085
Iteration 59: New best loss = 0.15492379665374756
Iteration 60: New best loss = 0.1540529578924179
Iteration 61: New best loss = 0.1527148336172104
Iteration 62: New best loss = 0.15210245549678802
Iteration 63: New best loss = 0.15207640826702118
Iteration 65: New best loss = 0.15179046988487244
Iteration 66: New best loss = 0.1510975956916809
Iteration 67: New best loss = 0.15033012628555298
Iteration 68: New best loss = 0.1500653773546219
Iteration 69: New best loss = 0.14987920224666595
Iteration 70: New best loss = 0.14978063106536865
Iteration 72: New best loss = 0.14967462420463562
Iteration 73: New best loss = 0.14926069974899292
Iteration 74: New best loss = 0.14913658797740936
Iteration 75: New best loss = 0.14861232042312622
Iteration 76: New best loss = 0.14784246683120728
Iteration 77: New best loss = 0.14749020338058472
Iteration 78: New best loss = 0.14724241197109222
Iteration 79: New best loss = 0.1468926966190338
Iteration 80: New best loss = 0.1465432196855545
Iteration 81: New best loss = 0.14644794166088104
Iteration 82: New best loss = 0.146047905087471
Iteration 83: New best loss = 0.14560459554195404
Iteration 84: New best loss = 0.14531822502613068
Iteration 85: New best loss = 0.14402323961257935
Iteration 86: New best loss = 0.1420264095067978
Iteration 87: New best loss = 0.14149555563926697
Iteration 88: New best loss = 0.14148378372192383
Iteration 89: New best loss = 0.1414380520582199
Iteration 90: New best loss = 0.13957864046096802
Iteration 91: New best loss = 0.13911421597003937
Iteration 92: New best loss = 0.1387939304113388
Iteration 93: New best loss = 0.13866817951202393
Iteration 94: New best loss = 0.13866013288497925
Iteration 95: New best loss = 0.13848309218883514
Iteration 96: New best loss = 0.13730841875076294
Iteration 97: New best loss = 0.13701103627681732
Iteration 98: New best loss = 0.13701091706752777
Iteration 99: New best loss = 0.13679100573062897
Iteration 100: New best loss = 0.136232390999794
Iteration 100: Best current loss = 0.136232390999794
Search completed after 100 iterations.
Best loss found: 0.136232390999794
Total training time: 58.0704 seconds

--- TEST NAME: sine_parameter_scaling 	 Single Kernel 	 Hidden Sizes: (256, 128) ---

Iteration 2: New best loss = 0.4324435889720917
Iteration 3: New best loss = 0.39244335889816284
Iteration 4: New best loss = 0.367704838514328
Iteration 5: New best loss = 0.3359775245189667
Iteration 6: New best loss = 0.3116001784801483
Iteration 7: New best loss = 0.29122304916381836
Iteration 8: New best loss = 0.27397337555885315
Iteration 9: New best loss = 0.2592652440071106
Iteration 10: New best loss = 0.24100689589977264
Iteration 11: New best loss = 0.23375962674617767
Iteration 12: New best loss = 0.22920756042003632
Iteration 13: New best loss = 0.2222704142332077
Iteration 14: New best loss = 0.20706358551979065
Iteration 15: New best loss = 0.2013411968946457
Iteration 16: New best loss = 0.1936229169368744
Iteration 17: New best loss = 0.18639767169952393
Iteration 18: New best loss = 0.18008926510810852
Iteration 19: New best loss = 0.17315052449703217
Iteration 20: New best loss = 0.1682567149400711
Iteration 21: New best loss = 0.1658189445734024
Iteration 22: New best loss = 0.1643088310956955
Iteration 23: New best loss = 0.16086654365062714
Iteration 24: New best loss = 0.15946036577224731
Iteration 25: New best loss = 0.1576438993215561
Iteration 26: New best loss = 0.15654256939888
Iteration 27: New best loss = 0.1555272787809372
Iteration 28: New best loss = 0.1545155942440033
Iteration 29: New best loss = 0.15418462455272675
Iteration 30: New best loss = 0.15360751748085022
Iteration 31: New best loss = 0.15293581783771515
Iteration 32: New best loss = 0.1523096114397049
Iteration 33: New best loss = 0.15198159217834473
Iteration 34: New best loss = 0.15136022865772247
Iteration 35: New best loss = 0.1509532481431961
Iteration 36: New best loss = 0.15045061707496643
Iteration 37: New best loss = 0.14991748332977295
Iteration 38: New best loss = 0.1494130939245224
Iteration 39: New best loss = 0.14889924228191376
Iteration 40: New best loss = 0.1483129858970642
Iteration 41: New best loss = 0.1477816253900528
Iteration 42: New best loss = 0.14726139605045319
Iteration 43: New best loss = 0.14560842514038086
Iteration 44: New best loss = 0.14209780097007751
Iteration 45: New best loss = 0.14159265160560608
Iteration 46: New best loss = 0.14115679264068604
Iteration 47: New best loss = 0.14005440473556519
Iteration 48: New best loss = 0.1393216848373413
Iteration 49: New best loss = 0.13842645287513733
Iteration 50: New best loss = 0.13787154853343964
Iteration 51: New best loss = 0.13700665533542633
Iteration 52: New best loss = 0.13654884696006775
Iteration 53: New best loss = 0.13611054420471191
Iteration 54: New best loss = 0.1354866623878479
Iteration 55: New best loss = 0.13510078191757202
Iteration 56: New best loss = 0.1348193883895874
Iteration 57: New best loss = 0.1343933343887329
Iteration 58: New best loss = 0.1341536045074463
Iteration 59: New best loss = 0.13382214307785034
Iteration 60: New best loss = 0.1336134970188141
Iteration 61: New best loss = 0.13293111324310303
Iteration 62: New best loss = 0.13198240101337433
Iteration 63: New best loss = 0.13162241876125336
Iteration 64: New best loss = 0.131301611661911
Iteration 65: New best loss = 0.13092288374900818
Iteration 66: New best loss = 0.128801167011261
Iteration 67: New best loss = 0.12768372893333435
Iteration 68: New best loss = 0.1270504593849182
Iteration 69: New best loss = 0.12681175768375397
Iteration 70: New best loss = 0.12636369466781616
Iteration 71: New best loss = 0.12602797150611877
Iteration 72: New best loss = 0.1256982982158661
Iteration 73: New best loss = 0.1255260407924652
Iteration 74: New best loss = 0.12526749074459076
Iteration 75: New best loss = 0.12489639222621918
Iteration 76: New best loss = 0.1240227222442627
Iteration 77: New best loss = 0.12344247102737427
Iteration 78: New best loss = 0.12314952909946442
Iteration 79: New best loss = 0.12290321290493011
Iteration 80: New best loss = 0.12283426523208618
Iteration 81: New best loss = 0.12251052260398865
Iteration 82: New best loss = 0.12225589156150818
Iteration 83: New best loss = 0.12221808731555939
Iteration 84: New best loss = 0.12215682864189148
Iteration 85: New best loss = 0.12173360586166382
Iteration 86: New best loss = 0.12150753289461136
Iteration 87: New best loss = 0.12132992595434189
Iteration 88: New best loss = 0.12112083286046982
Iteration 89: New best loss = 0.1204025074839592
Iteration 90: New best loss = 0.11997092515230179
Iteration 91: New best loss = 0.11972805112600327
Iteration 92: New best loss = 0.11917230486869812
Iteration 93: New best loss = 0.11891020089387894
Iteration 94: New best loss = 0.11861846596002579
Iteration 95: New best loss = 0.11840879172086716
Iteration 96: New best loss = 0.11835598200559616
Iteration 97: New best loss = 0.1179712563753128
Iteration 98: New best loss = 0.11656104773283005
Iteration 99: New best loss = 0.11508077383041382
Iteration 100: New best loss = 0.1146179586648941
Iteration 100: Best current loss = 0.1146179586648941
Search completed after 100 iterations.
Best loss found: 0.1146179586648941
Total training time: 131.2735 seconds

--- TEST NAME: sine_parameter_scaling 	 Layer-Wise Kernels 	 Hidden Sizes: (16, 16) ---

Iteration 2: New best loss = 0.3962188959121704
Iteration 3: New best loss = 0.35241004824638367
Iteration 4: New best loss = 0.335859477519989
Iteration 5: New best loss = 0.3012062907218933
Iteration 6: New best loss = 0.2793309688568115
Iteration 7: New best loss = 0.26171034574508667
Iteration 8: New best loss = 0.24930129945278168
Iteration 9: New best loss = 0.23075450956821442
Iteration 10: New best loss = 0.22181536257266998
Iteration 11: New best loss = 0.20833885669708252
Iteration 12: New best loss = 0.19847354292869568
Iteration 13: New best loss = 0.19368581473827362
Iteration 14: New best loss = 0.1877765655517578
Iteration 15: New best loss = 0.18395668268203735
Iteration 16: New best loss = 0.17925430834293365
Iteration 17: New best loss = 0.1767093986272812
Iteration 18: New best loss = 0.17333650588989258
Iteration 19: New best loss = 0.16978992521762848
Iteration 20: New best loss = 0.16263245046138763
Iteration 21: New best loss = 0.15513689815998077
Iteration 22: New best loss = 0.14875315129756927
Iteration 23: New best loss = 0.14348120987415314
Iteration 24: New best loss = 0.13932110369205475
Iteration 25: New best loss = 0.13627280294895172
Iteration 26: New best loss = 0.1343073546886444
Iteration 27: New best loss = 0.13188983500003815
Iteration 28: New best loss = 0.12960754334926605
Iteration 29: New best loss = 0.12699227035045624
Iteration 30: New best loss = 0.12469872832298279
Iteration 31: New best loss = 0.12264551222324371
Iteration 32: New best loss = 0.1201590895652771
Iteration 33: New best loss = 0.11795661598443985
Iteration 34: New best loss = 0.11601202934980392
Iteration 35: New best loss = 0.11330340057611465
Iteration 36: New best loss = 0.11121729016304016
Iteration 37: New best loss = 0.10844369977712631
Iteration 38: New best loss = 0.10604377090930939
Iteration 39: New best loss = 0.10431356728076935
Iteration 40: New best loss = 0.10237379372119904
Iteration 41: New best loss = 0.1008954793214798
Iteration 42: New best loss = 0.0993063896894455
Iteration 43: New best loss = 0.0975283607840538
Iteration 44: New best loss = 0.09638448804616928
Iteration 45: New best loss = 0.09492342174053192
Iteration 46: New best loss = 0.0939493253827095
Iteration 47: New best loss = 0.09240200370550156
Iteration 48: New best loss = 0.09099554270505905
Iteration 49: New best loss = 0.09006386995315552
Iteration 50: New best loss = 0.08890551328659058
Iteration 51: New best loss = 0.08741175383329391
Iteration 52: New best loss = 0.08664018660783768
Iteration 53: New best loss = 0.08537176996469498
Iteration 54: New best loss = 0.08414654433727264
Iteration 55: New best loss = 0.08343157172203064
Iteration 56: New best loss = 0.08213348686695099
Iteration 57: New best loss = 0.08078506588935852
Iteration 58: New best loss = 0.08017156273126602
Iteration 59: New best loss = 0.07916110008955002
Iteration 60: New best loss = 0.07812056690454483
Iteration 61: New best loss = 0.07764081656932831
Iteration 62: New best loss = 0.07625411450862885
Iteration 63: New best loss = 0.0751052051782608
Iteration 64: New best loss = 0.0747247189283371
Iteration 65: New best loss = 0.07366017252206802
Iteration 66: New best loss = 0.07278694957494736
Iteration 67: New best loss = 0.07230360060930252
Iteration 68: New best loss = 0.07148919999599457
Iteration 69: New best loss = 0.07100161910057068
Iteration 70: New best loss = 0.07012712210416794
Iteration 71: New best loss = 0.0695849135518074
Iteration 72: New best loss = 0.06832579523324966
Iteration 73: New best loss = 0.0674145519733429
Iteration 74: New best loss = 0.06641403585672379
Iteration 75: New best loss = 0.06489141285419464
Iteration 76: New best loss = 0.06445048749446869
Iteration 77: New best loss = 0.06374265998601913
Iteration 78: New best loss = 0.06267858296632767
Iteration 79: New best loss = 0.062314219772815704
Iteration 80: New best loss = 0.06164960935711861
Iteration 81: New best loss = 0.06116129457950592
Iteration 82: New best loss = 0.060564205050468445
Iteration 83: New best loss = 0.0600627139210701
Iteration 84: New best loss = 0.059530507773160934
Iteration 85: New best loss = 0.05930647999048233
Iteration 86: New best loss = 0.058909010142087936
Iteration 87: New best loss = 0.058312464505434036
Iteration 88: New best loss = 0.05783478170633316
Iteration 89: New best loss = 0.05753332003951073
Iteration 90: New best loss = 0.05705275014042854
Iteration 91: New best loss = 0.05607524886727333
Iteration 92: New best loss = 0.055785201489925385
Iteration 93: New best loss = 0.05526366084814072
Iteration 94: New best loss = 0.054456714540719986
Iteration 95: New best loss = 0.05412818118929863
Iteration 96: New best loss = 0.05356957018375397
Iteration 97: New best loss = 0.053141411393880844
Iteration 98: New best loss = 0.05256329104304314
Iteration 99: New best loss = 0.05190785974264145
Iteration 100: New best loss = 0.05167717859148979
Iteration 100: Best current loss = 0.05167717859148979
Search completed after 100 iterations.
Best loss found: 0.05167717859148979
Total training time: 41.1546 seconds

--- TEST NAME: sine_parameter_scaling 	 Layer-Wise Kernels 	 Hidden Sizes: (32, 16) ---

Iteration 2: New best loss = 0.3534904718399048
Iteration 3: New best loss = 0.3233511745929718
Iteration 4: New best loss = 0.2903560400009155
Iteration 5: New best loss = 0.2773608863353729
Iteration 6: New best loss = 0.25792330503463745
Iteration 7: New best loss = 0.24292923510074615
Iteration 8: New best loss = 0.23242945969104767
Iteration 9: New best loss = 0.22665101289749146
Iteration 10: New best loss = 0.21346205472946167
Iteration 11: New best loss = 0.2056846171617508
Iteration 12: New best loss = 0.20004352927207947
Iteration 13: New best loss = 0.19576013088226318
Iteration 14: New best loss = 0.19275228679180145
Iteration 15: New best loss = 0.19075016677379608
Iteration 16: New best loss = 0.18887118995189667
Iteration 17: New best loss = 0.18677011132240295
Iteration 18: New best loss = 0.18572957813739777
Iteration 19: New best loss = 0.18457692861557007
Iteration 20: New best loss = 0.18260028958320618
Iteration 21: New best loss = 0.17971459031105042
Iteration 22: New best loss = 0.1770724356174469
Iteration 23: New best loss = 0.17436617612838745
Iteration 24: New best loss = 0.17188385128974915
Iteration 25: New best loss = 0.1688433140516281
Iteration 26: New best loss = 0.1661742776632309
Iteration 27: New best loss = 0.16291508078575134
Iteration 28: New best loss = 0.1599160134792328
Iteration 29: New best loss = 0.15618914365768433
Iteration 30: New best loss = 0.15294067561626434
Iteration 31: New best loss = 0.1490151584148407
Iteration 32: New best loss = 0.145524263381958
Iteration 33: New best loss = 0.14247174561023712
Iteration 34: New best loss = 0.13985763490200043
Iteration 35: New best loss = 0.13712972402572632
Iteration 36: New best loss = 0.13457205891609192
Iteration 37: New best loss = 0.12947382032871246
Iteration 38: New best loss = 0.1261739879846573
Iteration 39: New best loss = 0.12102890014648438
Iteration 40: New best loss = 0.1163896769285202
Iteration 41: New best loss = 0.11247216910123825
Iteration 42: New best loss = 0.10927639901638031
Iteration 43: New best loss = 0.10672900825738907
Iteration 44: New best loss = 0.10384327173233032
Iteration 45: New best loss = 0.10164859890937805
Iteration 46: New best loss = 0.09967418015003204
Iteration 47: New best loss = 0.09716269373893738
Iteration 48: New best loss = 0.09523534774780273
Iteration 49: New best loss = 0.09385154396295547
Iteration 50: New best loss = 0.08756224811077118
Iteration 51: New best loss = 0.08534345030784607
Iteration 52: New best loss = 0.08182628452777863
Iteration 53: New best loss = 0.07740030437707901
Iteration 54: New best loss = 0.0737726092338562
Iteration 55: New best loss = 0.07094020396471024
Iteration 56: New best loss = 0.06825026869773865
Iteration 57: New best loss = 0.06628191471099854
Iteration 58: New best loss = 0.06399204581975937
Iteration 59: New best loss = 0.06033622846007347
Iteration 60: New best loss = 0.0563252717256546
Iteration 61: New best loss = 0.054008256644010544
Iteration 62: New best loss = 0.05033066123723984
Iteration 63: New best loss = 0.04419003054499626
Iteration 64: New best loss = 0.041536495089530945
Iteration 65: New best loss = 0.0387633852660656
Iteration 66: New best loss = 0.036992624402046204
Iteration 67: New best loss = 0.03533798083662987
Iteration 68: New best loss = 0.033446140587329865
Iteration 69: New best loss = 0.03168483078479767
Iteration 70: New best loss = 0.03067260980606079
Iteration 71: New best loss = 0.029190555214881897
Iteration 72: New best loss = 0.027987604960799217
Iteration 73: New best loss = 0.027434298768639565
Iteration 74: New best loss = 0.02693133056163788
Iteration 75: New best loss = 0.025968873873353004
Iteration 76: New best loss = 0.02505880780518055
Iteration 77: New best loss = 0.024439269676804543
Iteration 78: New best loss = 0.024059562012553215
Iteration 79: New best loss = 0.023736054077744484
Iteration 80: New best loss = 0.023469019681215286
Iteration 81: New best loss = 0.023212594911456108
Iteration 82: New best loss = 0.023024583235383034
Iteration 83: New best loss = 0.022848863154649734
Iteration 84: New best loss = 0.02268543653190136
Iteration 85: New best loss = 0.02253430150449276
Iteration 86: New best loss = 0.022395459935069084
Iteration 87: New best loss = 0.022268913686275482
Iteration 88: New best loss = 0.022132795304059982
Iteration 89: New best loss = 0.02196907065808773
Iteration 90: New best loss = 0.021533941850066185
Iteration 91: New best loss = 0.021400542929768562
Iteration 92: New best loss = 0.021245760843157768
Iteration 93: New best loss = 0.021002063527703285
Iteration 94: New best loss = 0.020913658663630486
Iteration 95: New best loss = 0.02084054984152317
Iteration 96: New best loss = 0.020392101258039474
Iteration 97: New best loss = 0.019271966069936752
Iteration 98: New best loss = 0.018802549690008163
Iteration 99: New best loss = 0.01859157159924507
Iteration 100: New best loss = 0.018442491069436073
Iteration 100: Best current loss = 0.018442491069436073
Search completed after 100 iterations.
Best loss found: 0.018442491069436073
Total training time: 41.1186 seconds

--- TEST NAME: sine_parameter_scaling 	 Layer-Wise Kernels 	 Hidden Sizes: (64, 32) ---

Iteration 2: New best loss = 0.30698874592781067
Iteration 3: New best loss = 0.273797869682312
Iteration 4: New best loss = 0.25574299693107605
Iteration 5: New best loss = 0.23754318058490753
Iteration 6: New best loss = 0.2217533439397812
Iteration 7: New best loss = 0.20353488624095917
Iteration 8: New best loss = 0.19605349004268646
Iteration 9: New best loss = 0.18615886569023132
Iteration 10: New best loss = 0.178776815533638
Iteration 11: New best loss = 0.16886356472969055
Iteration 12: New best loss = 0.16512160003185272
Iteration 13: New best loss = 0.16216827929019928
Iteration 14: New best loss = 0.15965162217617035
Iteration 15: New best loss = 0.15643605589866638
Iteration 16: New best loss = 0.1550542116165161
Iteration 17: New best loss = 0.1532062292098999
Iteration 18: New best loss = 0.1524471491575241
Iteration 19: New best loss = 0.15169797837734222
Iteration 20: New best loss = 0.1510121077299118
Iteration 21: New best loss = 0.1501600593328476
Iteration 22: New best loss = 0.14973850548267365
Iteration 23: New best loss = 0.1493816375732422
Iteration 24: New best loss = 0.14901207387447357
Iteration 25: New best loss = 0.14774660766124725
Iteration 26: New best loss = 0.14738620817661285
Iteration 27: New best loss = 0.1466989368200302
Iteration 28: New best loss = 0.14596180617809296
Iteration 29: New best loss = 0.14491291344165802
Iteration 30: New best loss = 0.14433009922504425
Iteration 31: New best loss = 0.14352044463157654
Iteration 32: New best loss = 0.14074024558067322
Iteration 33: New best loss = 0.13991956412792206
Iteration 34: New best loss = 0.13853172957897186
Iteration 35: New best loss = 0.13568632304668427
Iteration 36: New best loss = 0.1298021376132965
Iteration 37: New best loss = 0.1277349442243576
Iteration 38: New best loss = 0.12618546187877655
Iteration 39: New best loss = 0.1253499984741211
Iteration 40: New best loss = 0.12474832683801651
Iteration 41: New best loss = 0.12120277434587479
Iteration 42: New best loss = 0.11581249535083771
Iteration 43: New best loss = 0.11368338763713837
Iteration 44: New best loss = 0.11239861696958542
Iteration 45: New best loss = 0.11038849502801895
Iteration 46: New best loss = 0.10836829990148544
Iteration 47: New best loss = 0.10737387835979462
Iteration 48: New best loss = 0.10474500060081482
Iteration 49: New best loss = 0.10387244075536728
Iteration 50: New best loss = 0.10110800713300705
Iteration 51: New best loss = 0.09957157075405121
Iteration 52: New best loss = 0.09751339256763458
Iteration 53: New best loss = 0.09597871452569962
Iteration 54: New best loss = 0.09416957199573517
Iteration 55: New best loss = 0.09229931235313416
Iteration 56: New best loss = 0.09087527543306351
Iteration 57: New best loss = 0.0890187919139862
Iteration 58: New best loss = 0.0877566710114479
Iteration 59: New best loss = 0.0857432559132576
Iteration 60: New best loss = 0.08418145775794983
Iteration 61: New best loss = 0.08244085311889648
Iteration 62: New best loss = 0.08042314648628235
Iteration 63: New best loss = 0.0752350315451622
Iteration 64: New best loss = 0.07159494608640671
Iteration 65: New best loss = 0.06950285285711288
Iteration 66: New best loss = 0.06791713088750839
Iteration 67: New best loss = 0.06616725772619247
Iteration 68: New best loss = 0.06529968976974487
Iteration 69: New best loss = 0.06378532946109772
Iteration 70: New best loss = 0.06280365586280823
Iteration 71: New best loss = 0.060889262706041336
Iteration 72: New best loss = 0.05970541387796402
Iteration 73: New best loss = 0.05760316923260689
Iteration 74: New best loss = 0.05482994392514229
Iteration 75: New best loss = 0.051890779286623
Iteration 76: New best loss = 0.04976601153612137
Iteration 77: New best loss = 0.04709264636039734
Iteration 78: New best loss = 0.044067464768886566
Iteration 79: New best loss = 0.04195244610309601
Iteration 80: New best loss = 0.039942871779203415
Iteration 81: New best loss = 0.03746645152568817
Iteration 82: New best loss = 0.03579943627119064
Iteration 83: New best loss = 0.03476298972964287
Iteration 84: New best loss = 0.03358615189790726
Iteration 85: New best loss = 0.03173554316163063
Iteration 86: New best loss = 0.02953922748565674
Iteration 87: New best loss = 0.028037698939442635
Iteration 88: New best loss = 0.027230961248278618
Iteration 89: New best loss = 0.02607116289436817
Iteration 90: New best loss = 0.024571843445301056
Iteration 91: New best loss = 0.023767314851284027
Iteration 92: New best loss = 0.02304777316749096
Iteration 93: New best loss = 0.022362064570188522
Iteration 94: New best loss = 0.02179468236863613
Iteration 95: New best loss = 0.021232757717370987
Iteration 96: New best loss = 0.020793523639440536
Iteration 97: New best loss = 0.020355381071567535
Iteration 98: New best loss = 0.020044298842549324
Iteration 99: New best loss = 0.019729934632778168
Iteration 100: New best loss = 0.019393838942050934
Iteration 100: Best current loss = 0.019393838942050934
Search completed after 100 iterations.
Best loss found: 0.019393838942050934
Total training time: 46.2745 seconds

--- TEST NAME: sine_parameter_scaling 	 Layer-Wise Kernels 	 Hidden Sizes: (128, 64) ---

Iteration 2: New best loss = 0.3942631781101227
Iteration 3: New best loss = 0.3631208837032318
Iteration 4: New best loss = 0.34674617648124695
Iteration 5: New best loss = 0.29881909489631653
Iteration 6: New best loss = 0.28602367639541626
Iteration 7: New best loss = 0.2585500478744507
Iteration 8: New best loss = 0.23423755168914795
Iteration 9: New best loss = 0.22536011040210724
Iteration 10: New best loss = 0.21951736509799957
Iteration 11: New best loss = 0.21157416701316833
Iteration 12: New best loss = 0.2064090371131897
Iteration 13: New best loss = 0.20109720528125763
Iteration 14: New best loss = 0.19477660953998566
Iteration 15: New best loss = 0.18990091979503632
Iteration 16: New best loss = 0.1862235963344574
Iteration 17: New best loss = 0.17987482249736786
Iteration 18: New best loss = 0.17329806089401245
Iteration 19: New best loss = 0.16880512237548828
Iteration 20: New best loss = 0.16731446981430054
Iteration 21: New best loss = 0.16477420926094055
Iteration 22: New best loss = 0.16364330053329468
Iteration 23: New best loss = 0.16217437386512756
Iteration 24: New best loss = 0.15944431722164154
Iteration 25: New best loss = 0.1545047163963318
Iteration 26: New best loss = 0.1497749239206314
Iteration 27: New best loss = 0.14741115272045135
Iteration 28: New best loss = 0.14611157774925232
Iteration 29: New best loss = 0.14549940824508667
Iteration 30: New best loss = 0.14482255280017853
Iteration 31: New best loss = 0.14420288801193237
Iteration 32: New best loss = 0.1438058763742447
Iteration 33: New best loss = 0.14353059232234955
Iteration 34: New best loss = 0.14306612312793732
Iteration 35: New best loss = 0.14265260100364685
Iteration 36: New best loss = 0.14190226793289185
Iteration 37: New best loss = 0.14149469137191772
Iteration 38: New best loss = 0.13895997405052185
Iteration 39: New best loss = 0.1384815275669098
Iteration 40: New best loss = 0.13795337080955505
Iteration 41: New best loss = 0.1372372806072235
Iteration 42: New best loss = 0.13683095574378967
Iteration 43: New best loss = 0.13273471593856812
Iteration 44: New best loss = 0.1299048811197281
Iteration 45: New best loss = 0.1294926404953003
Iteration 46: New best loss = 0.12926457822322845
Iteration 47: New best loss = 0.12906774878501892
Iteration 48: New best loss = 0.12883545458316803
Iteration 49: New best loss = 0.1285683810710907
Iteration 50: New best loss = 0.128501296043396
Iteration 51: New best loss = 0.1283416748046875
Iteration 52: New best loss = 0.12821687757968903
Iteration 53: New best loss = 0.12816035747528076
Iteration 54: New best loss = 0.12805673480033875
Iteration 56: New best loss = 0.12750253081321716
Iteration 57: New best loss = 0.12041272222995758
Iteration 58: New best loss = 0.11860311776399612
Iteration 59: New best loss = 0.11733041703701019
Iteration 60: New best loss = 0.11649870872497559
Iteration 61: New best loss = 0.11575477570295334
Iteration 62: New best loss = 0.11545330286026001
Iteration 63: New best loss = 0.11532173305749893
Iteration 64: New best loss = 0.11507634818553925
Iteration 65: New best loss = 0.11487182974815369
Iteration 66: New best loss = 0.11472971737384796
Iteration 67: New best loss = 0.11426834762096405
Iteration 68: New best loss = 0.11419589072465897
Iteration 69: New best loss = 0.11418299376964569
Iteration 72: New best loss = 0.11375036090612411
Iteration 73: New best loss = 0.11369674652814865
Iteration 87: New best loss = 0.11358943581581116
Iteration 88: New best loss = 0.1135728657245636
Iteration 91: New best loss = 0.1135232001543045
Iteration 96: New best loss = 0.11348507553339005
Iteration 100: Best current loss = 0.11348507553339005
Search completed after 100 iterations.
Best loss found: 0.11348507553339005
Total training time: 51.5742 seconds

--- TEST NAME: sine_parameter_scaling 	 Layer-Wise Kernels 	 Hidden Sizes: (128, 128) ---

Iteration 2: New best loss = 0.48821625113487244
Iteration 3: New best loss = 0.4235536456108093
Iteration 4: New best loss = 0.383515864610672
Iteration 5: New best loss = 0.35914868116378784
Iteration 6: New best loss = 0.3199383318424225
Iteration 7: New best loss = 0.3007279932498932
Iteration 8: New best loss = 0.2738581597805023
Iteration 9: New best loss = 0.2603963613510132
Iteration 10: New best loss = 0.24479646980762482
Iteration 11: New best loss = 0.23475971817970276
Iteration 12: New best loss = 0.22767959535121918
Iteration 13: New best loss = 0.21927088499069214
Iteration 14: New best loss = 0.21041855216026306
Iteration 15: New best loss = 0.18908584117889404
Iteration 16: New best loss = 0.18602566421031952
Iteration 17: New best loss = 0.18454454839229584
Iteration 18: New best loss = 0.18189111351966858
Iteration 19: New best loss = 0.17985495924949646
Iteration 20: New best loss = 0.1775123029947281
Iteration 21: New best loss = 0.17447464168071747
Iteration 22: New best loss = 0.1725199818611145
Iteration 23: New best loss = 0.17029333114624023
Iteration 24: New best loss = 0.16824619472026825
Iteration 25: New best loss = 0.1666102558374405
Iteration 26: New best loss = 0.16449178755283356
Iteration 27: New best loss = 0.1631871461868286
Iteration 28: New best loss = 0.16097639501094818
Iteration 29: New best loss = 0.15980732440948486
Iteration 30: New best loss = 0.1580786556005478
Iteration 31: New best loss = 0.156840980052948
Iteration 32: New best loss = 0.15517356991767883
Iteration 33: New best loss = 0.1537700891494751
Iteration 34: New best loss = 0.15263481438159943
Iteration 35: New best loss = 0.1511094570159912
Iteration 36: New best loss = 0.1498083472251892
Iteration 37: New best loss = 0.14877547323703766
Iteration 38: New best loss = 0.1473921686410904
Iteration 39: New best loss = 0.1461934745311737
Iteration 40: New best loss = 0.14507141709327698
Iteration 41: New best loss = 0.1440582275390625
Iteration 42: New best loss = 0.14277300238609314
Iteration 43: New best loss = 0.1414170265197754
Iteration 44: New best loss = 0.1400458961725235
Iteration 45: New best loss = 0.1389073133468628
Iteration 46: New best loss = 0.1380290985107422
Iteration 47: New best loss = 0.13705095648765564
Iteration 48: New best loss = 0.1355443000793457
Iteration 49: New best loss = 0.13212095201015472
Iteration 50: New best loss = 0.12966829538345337
Iteration 51: New best loss = 0.12585176527500153
Iteration 52: New best loss = 0.12341781705617905
Iteration 53: New best loss = 0.12154409289360046
Iteration 54: New best loss = 0.1204303428530693
Iteration 55: New best loss = 0.1188834011554718
Iteration 56: New best loss = 0.11737450957298279
Iteration 57: New best loss = 0.11630026996135712
Iteration 58: New best loss = 0.11468282341957092
Iteration 59: New best loss = 0.11359056830406189
Iteration 60: New best loss = 0.11223455518484116
Iteration 61: New best loss = 0.11119970679283142
Iteration 62: New best loss = 0.11001845449209213
Iteration 63: New best loss = 0.10900092869997025
Iteration 64: New best loss = 0.10807736217975616
Iteration 65: New best loss = 0.10659213364124298
Iteration 66: New best loss = 0.10495305806398392
Iteration 67: New best loss = 0.10410474985837936
Iteration 68: New best loss = 0.10286188125610352
Iteration 69: New best loss = 0.10207097977399826
Iteration 70: New best loss = 0.10090357065200806
Iteration 71: New best loss = 0.10010555386543274
Iteration 72: New best loss = 0.09918233752250671
Iteration 73: New best loss = 0.09861187636852264
Iteration 74: New best loss = 0.09767119586467743
Iteration 75: New best loss = 0.09697525948286057
Iteration 76: New best loss = 0.09658519923686981
Iteration 77: New best loss = 0.09542307257652283
Iteration 78: New best loss = 0.09442251175642014
Iteration 79: New best loss = 0.09180477261543274
Iteration 80: New best loss = 0.08926401287317276
Iteration 81: New best loss = 0.08778411895036697
Iteration 82: New best loss = 0.08636379987001419
Iteration 83: New best loss = 0.08490781486034393
Iteration 84: New best loss = 0.08304715156555176
Iteration 85: New best loss = 0.08171964436769485
Iteration 86: New best loss = 0.08106493204832077
Iteration 87: New best loss = 0.07924320548772812
Iteration 88: New best loss = 0.07872755080461502
Iteration 89: New best loss = 0.07756853848695755
Iteration 90: New best loss = 0.07715191692113876
Iteration 91: New best loss = 0.07616139948368073
Iteration 92: New best loss = 0.07584378868341446
Iteration 93: New best loss = 0.07447308301925659
Iteration 94: New best loss = 0.07330778986215591
Iteration 95: New best loss = 0.07250333577394485
Iteration 96: New best loss = 0.07192224264144897
Iteration 97: New best loss = 0.070696622133255
Iteration 98: New best loss = 0.06962130218744278
Iteration 99: New best loss = 0.06894350796937943
Iteration 100: New best loss = 0.06837683171033859
Iteration 100: Best current loss = 0.06837683171033859
Search completed after 100 iterations.
Best loss found: 0.06837683171033859
Total training time: 58.5854 seconds

--- TEST NAME: sine_parameter_scaling 	 Layer-Wise Kernels 	 Hidden Sizes: (256, 128) ---

Iteration 2: New best loss = 0.30303528904914856
Iteration 3: New best loss = 0.2862381041049957
Iteration 4: New best loss = 0.2738633453845978
Iteration 5: New best loss = 0.25358352065086365
Iteration 6: New best loss = 0.24418239295482635
Iteration 7: New best loss = 0.23392239212989807
Iteration 8: New best loss = 0.22064180672168732
Iteration 9: New best loss = 0.21458475291728973
Iteration 10: New best loss = 0.20799125730991364
Iteration 11: New best loss = 0.19724717736244202
Iteration 12: New best loss = 0.19467349350452423
Iteration 13: New best loss = 0.18939638137817383
Iteration 14: New best loss = 0.18591037392616272
Iteration 15: New best loss = 0.1837030053138733
Iteration 16: New best loss = 0.181991308927536
Iteration 17: New best loss = 0.17790329456329346
Iteration 18: New best loss = 0.17638811469078064
Iteration 19: New best loss = 0.17228485643863678
Iteration 20: New best loss = 0.17105817794799805
Iteration 21: New best loss = 0.169845849275589
Iteration 22: New best loss = 0.16905540227890015
Iteration 23: New best loss = 0.16824640333652496
Iteration 24: New best loss = 0.16749164462089539
Iteration 25: New best loss = 0.16654443740844727
Iteration 26: New best loss = 0.16419540345668793
Iteration 27: New best loss = 0.16306202113628387
Iteration 28: New best loss = 0.1613142043352127
Iteration 29: New best loss = 0.15964744985103607
Iteration 30: New best loss = 0.1580524742603302
Iteration 31: New best loss = 0.15727277100086212
Iteration 32: New best loss = 0.1570383906364441
Iteration 33: New best loss = 0.1566333919763565
Iteration 34: New best loss = 0.15634745359420776
Iteration 35: New best loss = 0.1558489352464676
Iteration 36: New best loss = 0.15580299496650696
Iteration 37: New best loss = 0.15552176535129547
Iteration 38: New best loss = 0.15527138113975525
Iteration 40: New best loss = 0.1546502560377121
Iteration 41: New best loss = 0.1522926539182663
Iteration 42: New best loss = 0.15118055045604706
Iteration 43: New best loss = 0.1506754755973816
Iteration 44: New best loss = 0.1504768282175064
Iteration 45: New best loss = 0.15035995841026306
Iteration 47: New best loss = 0.15012505650520325
Iteration 48: New best loss = 0.14990590512752533
Iteration 49: New best loss = 0.1498347967863083
Iteration 50: New best loss = 0.1496313214302063
Iteration 51: New best loss = 0.14962786436080933
Iteration 52: New best loss = 0.14948229491710663
Iteration 53: New best loss = 0.14905185997486115
Iteration 54: New best loss = 0.14857640862464905
Iteration 55: New best loss = 0.14845043420791626
Iteration 56: New best loss = 0.14813314378261566
Iteration 57: New best loss = 0.1476452648639679
Iteration 58: New best loss = 0.1475987583398819
Iteration 64: New best loss = 0.14757777750492096
Iteration 65: New best loss = 0.1473493129014969
Iteration 66: New best loss = 0.1470429003238678
Iteration 67: New best loss = 0.14652328193187714
Iteration 68: New best loss = 0.1461205929517746
Iteration 69: New best loss = 0.14591771364212036
Iteration 70: New best loss = 0.14546795189380646
Iteration 71: New best loss = 0.14538933336734772
Iteration 72: New best loss = 0.14510518312454224
Iteration 73: New best loss = 0.1450166255235672
Iteration 74: New best loss = 0.14454174041748047
Iteration 76: New best loss = 0.144479900598526
Iteration 77: New best loss = 0.14433270692825317
Iteration 78: New best loss = 0.14423733949661255
Iteration 80: New best loss = 0.14393475651741028
Iteration 90: New best loss = 0.1439044028520584
Iteration 91: New best loss = 0.1434914916753769
Iteration 92: New best loss = 0.14322751760482788
Iteration 94: New best loss = 0.14317023754119873
Iteration 96: New best loss = 0.14291790127754211
Iteration 97: New best loss = 0.14254876971244812
Iteration 98: New best loss = 0.14228911697864532
Iteration 99: New best loss = 0.14227889478206635
Iteration 100: Best current loss = 0.14227889478206635
Search completed after 100 iterations.
Best loss found: 0.14227889478206635
Total training time: 71.5107 seconds

--- TEST NAME: sine_parameter_scaling 	 Random Sampling 	 Hidden Sizes: (16, 16) ---

Iteration 2: New best loss = 0.477417528629303
Iteration 3: New best loss = 0.4668716490268707
Iteration 4: New best loss = 0.46028396487236023
Iteration 5: New best loss = 0.4347991943359375
Iteration 6: New best loss = 0.422775000333786
Iteration 7: New best loss = 0.4191857576370239
Iteration 8: New best loss = 0.40818271040916443
Iteration 9: New best loss = 0.3983279764652252
Iteration 10: New best loss = 0.3852938711643219
Iteration 11: New best loss = 0.3794356882572174
Iteration 12: New best loss = 0.3739837408065796
Iteration 13: New best loss = 0.35947081446647644
Iteration 14: New best loss = 0.35002708435058594
Iteration 15: New best loss = 0.3454490303993225
Iteration 16: New best loss = 0.3316899538040161
Iteration 17: New best loss = 0.31478264927864075
Iteration 18: New best loss = 0.3068232536315918
Iteration 19: New best loss = 0.2978397607803345
Iteration 20: New best loss = 0.29451075196266174
Iteration 21: New best loss = 0.28257229924201965
Iteration 22: New best loss = 0.2784046232700348
Iteration 23: New best loss = 0.26973894238471985
Iteration 24: New best loss = 0.2572895288467407
Iteration 25: New best loss = 0.25059834122657776
Iteration 26: New best loss = 0.24457111954689026
Iteration 27: New best loss = 0.23675701022148132
Iteration 28: New best loss = 0.23359864950180054
Iteration 29: New best loss = 0.22321385145187378
Iteration 30: New best loss = 0.2184714525938034
Iteration 31: New best loss = 0.21827444434165955
Iteration 32: New best loss = 0.21727874875068665
Iteration 33: New best loss = 0.21601030230522156
Iteration 34: New best loss = 0.215389683842659
Iteration 35: New best loss = 0.21318039298057556
Iteration 36: New best loss = 0.21202225983142853
Iteration 37: New best loss = 0.20809732377529144
Iteration 38: New best loss = 0.20518165826797485
Iteration 39: New best loss = 0.2046596109867096
Iteration 40: New best loss = 0.20223040878772736
Iteration 41: New best loss = 0.20147289335727692
Iteration 42: New best loss = 0.1979261338710785
Iteration 43: New best loss = 0.19629137217998505
Iteration 44: New best loss = 0.19410474598407745
Iteration 45: New best loss = 0.19330990314483643
Iteration 46: New best loss = 0.19192561507225037
Iteration 47: New best loss = 0.19124563038349152
Iteration 48: New best loss = 0.19101585447788239
Iteration 49: New best loss = 0.18989863991737366
Iteration 50: New best loss = 0.18817828595638275
Iteration 51: New best loss = 0.18770164251327515
Iteration 52: New best loss = 0.18684321641921997
Iteration 53: New best loss = 0.18443641066551208
Iteration 54: New best loss = 0.18420784175395966
Iteration 55: New best loss = 0.18275317549705505
Iteration 56: New best loss = 0.1815541386604309
Iteration 57: New best loss = 0.18032006919384003
Iteration 58: New best loss = 0.17787407338619232
Iteration 59: New best loss = 0.17660149931907654
Iteration 60: New best loss = 0.17540551722049713
Iteration 61: New best loss = 0.17278964817523956
Iteration 63: New best loss = 0.17097577452659607
Iteration 64: New best loss = 0.16992881894111633
Iteration 65: New best loss = 0.16643741726875305
Iteration 66: New best loss = 0.1657898873090744
Iteration 67: New best loss = 0.1645185798406601
Iteration 68: New best loss = 0.1630343198776245
Iteration 69: New best loss = 0.16267041862010956
Iteration 71: New best loss = 0.16045114398002625
Iteration 72: New best loss = 0.1591821163892746
Iteration 73: New best loss = 0.15860648453235626
Iteration 74: New best loss = 0.15835994482040405
Iteration 75: New best loss = 0.15674155950546265
Iteration 76: New best loss = 0.1564323455095291
Iteration 77: New best loss = 0.15590380132198334
Iteration 78: New best loss = 0.1553853154182434
Iteration 79: New best loss = 0.15487687289714813
Iteration 80: New best loss = 0.15410315990447998
Iteration 81: New best loss = 0.15264686942100525
Iteration 82: New best loss = 0.14919552206993103
Iteration 83: New best loss = 0.14762893319129944
Iteration 84: New best loss = 0.14762690663337708
Iteration 85: New best loss = 0.14731551706790924
Iteration 86: New best loss = 0.1461382806301117
Iteration 87: New best loss = 0.1434289515018463
Iteration 88: New best loss = 0.14317119121551514
Iteration 89: New best loss = 0.14236128330230713
Iteration 90: New best loss = 0.13981449604034424
Iteration 91: New best loss = 0.13898524641990662
Iteration 93: New best loss = 0.13795465230941772
Iteration 94: New best loss = 0.13597504794597626
Iteration 95: New best loss = 0.1356797218322754
Iteration 96: New best loss = 0.1354496330022812
Iteration 97: New best loss = 0.13484905660152435
Iteration 98: New best loss = 0.1332779824733734
Iteration 99: New best loss = 0.13304269313812256
Iteration 100: New best loss = 0.13267669081687927
Iteration 100: Best current loss = 0.13267669081687927
Search completed after 100 iterations.
Best loss found: 0.13267669081687927
Total training time: 3.3074 seconds

--- TEST NAME: sine_parameter_scaling 	 Random Sampling 	 Hidden Sizes: (32, 16) ---

Iteration 2: New best loss = 0.45697876811027527
Iteration 3: New best loss = 0.4458649754524231
Iteration 4: New best loss = 0.43547847867012024
Iteration 5: New best loss = 0.43041476607322693
Iteration 6: New best loss = 0.42099815607070923
Iteration 7: New best loss = 0.4122900068759918
Iteration 8: New best loss = 0.39210811257362366
Iteration 9: New best loss = 0.38708439469337463
Iteration 10: New best loss = 0.3688259422779083
Iteration 11: New best loss = 0.3426264226436615
Iteration 12: New best loss = 0.3283129632472992
Iteration 13: New best loss = 0.32069528102874756
Iteration 14: New best loss = 0.3085170090198517
Iteration 15: New best loss = 0.28723204135894775
Iteration 16: New best loss = 0.28103557229042053
Iteration 17: New best loss = 0.2788792550563812
Iteration 18: New best loss = 0.2764311730861664
Iteration 19: New best loss = 0.2679672837257385
Iteration 20: New best loss = 0.2547925114631653
Iteration 21: New best loss = 0.25174590945243835
Iteration 22: New best loss = 0.2467712014913559
Iteration 23: New best loss = 0.23186847567558289
Iteration 24: New best loss = 0.226148784160614
Iteration 25: New best loss = 0.22346550226211548
Iteration 26: New best loss = 0.21896058320999146
Iteration 27: New best loss = 0.2120862603187561
Iteration 28: New best loss = 0.20946837961673737
Iteration 29: New best loss = 0.2078436315059662
Iteration 30: New best loss = 0.2068614512681961
Iteration 31: New best loss = 0.20532314479351044
Iteration 32: New best loss = 0.204703688621521
Iteration 33: New best loss = 0.20400848984718323
Iteration 34: New best loss = 0.20092912018299103
Iteration 35: New best loss = 0.1999446302652359
Iteration 36: New best loss = 0.19486238062381744
Iteration 37: New best loss = 0.19251742959022522
Iteration 38: New best loss = 0.1904519498348236
Iteration 39: New best loss = 0.18690523505210876
Iteration 40: New best loss = 0.18654245138168335
Iteration 41: New best loss = 0.18497587740421295
Iteration 42: New best loss = 0.18417999148368835
Iteration 43: New best loss = 0.1829969584941864
Iteration 44: New best loss = 0.1819554716348648
Iteration 45: New best loss = 0.18104037642478943
Iteration 46: New best loss = 0.17966270446777344
Iteration 47: New best loss = 0.17810744047164917
Iteration 48: New best loss = 0.177362322807312
Iteration 49: New best loss = 0.17643269896507263
Iteration 50: New best loss = 0.1760496348142624
Iteration 51: New best loss = 0.17528937757015228
Iteration 52: New best loss = 0.17468173801898956
Iteration 53: New best loss = 0.17443867027759552
Iteration 54: New best loss = 0.1724923551082611
Iteration 55: New best loss = 0.1707286834716797
Iteration 56: New best loss = 0.17068636417388916
Iteration 57: New best loss = 0.16965021193027496
Iteration 58: New best loss = 0.16809338331222534
Iteration 59: New best loss = 0.16730432212352753
Iteration 60: New best loss = 0.16520117223262787
Iteration 61: New best loss = 0.1642879992723465
Iteration 62: New best loss = 0.16223879158496857
Iteration 63: New best loss = 0.16083109378814697
Iteration 64: New best loss = 0.15919363498687744
Iteration 65: New best loss = 0.1568305343389511
Iteration 66: New best loss = 0.15587854385375977
Iteration 67: New best loss = 0.1539178490638733
Iteration 68: New best loss = 0.1535692662000656
Iteration 69: New best loss = 0.15188610553741455
Iteration 70: New best loss = 0.14947167038917542
Iteration 71: New best loss = 0.14826738834381104
Iteration 72: New best loss = 0.14757956564426422
Iteration 73: New best loss = 0.14557956159114838
Iteration 74: New best loss = 0.14477448165416718
Iteration 75: New best loss = 0.14333085715770721
Iteration 76: New best loss = 0.14244160056114197
Iteration 77: New best loss = 0.14159099757671356
Iteration 78: New best loss = 0.14015020430088043
Iteration 79: New best loss = 0.13965775072574615
Iteration 80: New best loss = 0.1393289715051651
Iteration 81: New best loss = 0.13862982392311096
Iteration 82: New best loss = 0.13827557861804962
Iteration 83: New best loss = 0.1375834196805954
Iteration 84: New best loss = 0.13738508522510529
Iteration 85: New best loss = 0.13701511919498444
Iteration 86: New best loss = 0.13622669875621796
Iteration 87: New best loss = 0.13562574982643127
Iteration 88: New best loss = 0.13494467735290527
Iteration 89: New best loss = 0.1346796602010727
Iteration 90: New best loss = 0.13421446084976196
Iteration 91: New best loss = 0.132921501994133
Iteration 92: New best loss = 0.13028469681739807
Iteration 93: New best loss = 0.12941661477088928
Iteration 94: New best loss = 0.12930828332901
Iteration 95: New best loss = 0.12805110216140747
Iteration 96: New best loss = 0.12729057669639587
Iteration 97: New best loss = 0.12618392705917358
Iteration 98: New best loss = 0.1252293735742569
Iteration 99: New best loss = 0.12453178316354752
Iteration 100: New best loss = 0.12363279610872269
Iteration 100: Best current loss = 0.12363279610872269
Search completed after 100 iterations.
Best loss found: 0.12363279610872269
Total training time: 3.7914 seconds

--- TEST NAME: sine_parameter_scaling 	 Random Sampling 	 Hidden Sizes: (64, 32) ---

Iteration 2: New best loss = 0.42965298891067505
Iteration 3: New best loss = 0.41145962476730347
Iteration 4: New best loss = 0.38254693150520325
Iteration 5: New best loss = 0.3647676706314087
Iteration 6: New best loss = 0.3390266001224518
Iteration 7: New best loss = 0.31831955909729004
Iteration 8: New best loss = 0.3028114438056946
Iteration 9: New best loss = 0.2882930040359497
Iteration 10: New best loss = 0.2752654552459717
Iteration 11: New best loss = 0.26911675930023193
Iteration 12: New best loss = 0.2599457800388336
Iteration 13: New best loss = 0.24809986352920532
Iteration 14: New best loss = 0.24270425736904144
Iteration 15: New best loss = 0.23544856905937195
Iteration 16: New best loss = 0.2241259068250656
Iteration 17: New best loss = 0.21776486933231354
Iteration 18: New best loss = 0.21075356006622314
Iteration 19: New best loss = 0.20875145494937897
Iteration 20: New best loss = 0.20474420487880707
Iteration 21: New best loss = 0.1992369294166565
Iteration 22: New best loss = 0.19755364954471588
Iteration 23: New best loss = 0.19666269421577454
Iteration 24: New best loss = 0.19531652331352234
Iteration 25: New best loss = 0.1939060091972351
Iteration 26: New best loss = 0.19244284927845
Iteration 27: New best loss = 0.1908636838197708
Iteration 28: New best loss = 0.19004496932029724
Iteration 29: New best loss = 0.18890707194805145
Iteration 30: New best loss = 0.18773965537548065
Iteration 31: New best loss = 0.1855209916830063
Iteration 32: New best loss = 0.18469463288784027
Iteration 33: New best loss = 0.18325097858905792
Iteration 34: New best loss = 0.18256907165050507
Iteration 35: New best loss = 0.18123815953731537
Iteration 36: New best loss = 0.1800752580165863
Iteration 37: New best loss = 0.1789509654045105
Iteration 38: New best loss = 0.17809760570526123
Iteration 39: New best loss = 0.17695565521717072
Iteration 40: New best loss = 0.17553897202014923
Iteration 41: New best loss = 0.17339065670967102
Iteration 42: New best loss = 0.17232760787010193
Iteration 43: New best loss = 0.1714855134487152
Iteration 44: New best loss = 0.17077571153640747
Iteration 45: New best loss = 0.16846302151679993
Iteration 46: New best loss = 0.16769367456436157
Iteration 47: New best loss = 0.16665881872177124
Iteration 48: New best loss = 0.1659238636493683
Iteration 49: New best loss = 0.164927139878273
Iteration 50: New best loss = 0.16450339555740356
Iteration 51: New best loss = 0.1627458781003952
Iteration 52: New best loss = 0.16268330812454224
Iteration 53: New best loss = 0.16143275797367096
Iteration 54: New best loss = 0.1607041358947754
Iteration 55: New best loss = 0.15966634452342987
Iteration 56: New best loss = 0.15843413770198822
Iteration 57: New best loss = 0.1571778655052185
Iteration 58: New best loss = 0.1552400439977646
Iteration 59: New best loss = 0.15451417863368988
Iteration 60: New best loss = 0.1536960005760193
Iteration 61: New best loss = 0.15126296877861023
Iteration 62: New best loss = 0.1507607251405716
Iteration 63: New best loss = 0.15034662187099457
Iteration 64: New best loss = 0.14914627373218536
Iteration 65: New best loss = 0.14855723083019257
Iteration 66: New best loss = 0.14842987060546875
Iteration 67: New best loss = 0.1464591771364212
Iteration 69: New best loss = 0.14596755802631378
Iteration 70: New best loss = 0.14561812579631805
Iteration 71: New best loss = 0.14461994171142578
Iteration 72: New best loss = 0.14454331994056702
Iteration 73: New best loss = 0.14433346688747406
Iteration 74: New best loss = 0.14374475181102753
Iteration 75: New best loss = 0.1433117687702179
Iteration 76: New best loss = 0.14088615775108337
Iteration 78: New best loss = 0.140580952167511
Iteration 80: New best loss = 0.14015167951583862
Iteration 81: New best loss = 0.1397499442100525
Iteration 82: New best loss = 0.13915692269802094
Iteration 83: New best loss = 0.13907887041568756
Iteration 84: New best loss = 0.13808037340641022
Iteration 85: New best loss = 0.1378690004348755
Iteration 86: New best loss = 0.13759545981884003
Iteration 87: New best loss = 0.13631084561347961
Iteration 88: New best loss = 0.13613516092300415
Iteration 89: New best loss = 0.135292649269104
Iteration 90: New best loss = 0.13322032988071442
Iteration 91: New best loss = 0.1313834935426712
Iteration 92: New best loss = 0.1307540088891983
Iteration 93: New best loss = 0.13043347001075745
Iteration 94: New best loss = 0.1300927996635437
Iteration 95: New best loss = 0.1287754625082016
Iteration 96: New best loss = 0.12769639492034912
Iteration 97: New best loss = 0.12698644399642944
Iteration 98: New best loss = 0.12691117823123932
Iteration 99: New best loss = 0.12681418657302856
Iteration 100: New best loss = 0.12603048980236053
Iteration 100: Best current loss = 0.12603048980236053
Search completed after 100 iterations.
Best loss found: 0.12603048980236053
Total training time: 8.5062 seconds

--- TEST NAME: sine_parameter_scaling 	 Random Sampling 	 Hidden Sizes: (128, 64) ---

Iteration 2: New best loss = 0.5143344402313232
Iteration 3: New best loss = 0.40528252720832825
Iteration 4: New best loss = 0.35362330079078674
Iteration 5: New best loss = 0.33188489079475403
Iteration 6: New best loss = 0.3194662034511566
Iteration 7: New best loss = 0.2937605082988739
Iteration 8: New best loss = 0.2748076319694519
Iteration 9: New best loss = 0.26148808002471924
Iteration 10: New best loss = 0.25444403290748596
Iteration 11: New best loss = 0.23679199814796448
Iteration 12: New best loss = 0.2309083193540573
Iteration 13: New best loss = 0.2205670177936554
Iteration 14: New best loss = 0.21461234986782074
Iteration 15: New best loss = 0.2090124636888504
Iteration 16: New best loss = 0.20662939548492432
Iteration 17: New best loss = 0.20146885514259338
Iteration 18: New best loss = 0.1966615468263626
Iteration 19: New best loss = 0.19204312562942505
Iteration 20: New best loss = 0.19042827188968658
Iteration 21: New best loss = 0.1864306628704071
Iteration 22: New best loss = 0.1842423379421234
Iteration 23: New best loss = 0.18059855699539185
Iteration 24: New best loss = 0.17833766341209412
Iteration 25: New best loss = 0.17743319272994995
Iteration 26: New best loss = 0.17652949690818787
Iteration 27: New best loss = 0.17436335980892181
Iteration 28: New best loss = 0.17188766598701477
Iteration 29: New best loss = 0.17086327075958252
Iteration 30: New best loss = 0.1674809604883194
Iteration 31: New best loss = 0.16600726544857025
Iteration 32: New best loss = 0.16533517837524414
Iteration 33: New best loss = 0.16411598026752472
Iteration 34: New best loss = 0.16250541806221008
Iteration 35: New best loss = 0.16098982095718384
Iteration 36: New best loss = 0.1603303700685501
Iteration 37: New best loss = 0.15919820964336395
Iteration 38: New best loss = 0.1582946628332138
Iteration 39: New best loss = 0.15621747076511383
Iteration 40: New best loss = 0.15555337071418762
Iteration 41: New best loss = 0.15461565554141998
Iteration 42: New best loss = 0.15332329273223877
Iteration 43: New best loss = 0.15240773558616638
Iteration 44: New best loss = 0.15206512808799744
Iteration 45: New best loss = 0.15097524225711823
Iteration 46: New best loss = 0.150204598903656
Iteration 47: New best loss = 0.14934571087360382
Iteration 48: New best loss = 0.14881454408168793
Iteration 49: New best loss = 0.14755302667617798
Iteration 50: New best loss = 0.14691580832004547
Iteration 51: New best loss = 0.14633992314338684
Iteration 52: New best loss = 0.1460021436214447
Iteration 53: New best loss = 0.14360301196575165
Iteration 54: New best loss = 0.14330455660820007
Iteration 55: New best loss = 0.1423874795436859
Iteration 56: New best loss = 0.14123591780662537
Iteration 57: New best loss = 0.13773541152477264
Iteration 58: New best loss = 0.13538028299808502
Iteration 59: New best loss = 0.13500821590423584
Iteration 60: New best loss = 0.1337285041809082
Iteration 61: New best loss = 0.1327051967382431
Iteration 62: New best loss = 0.13239191472530365
Iteration 64: New best loss = 0.13232354819774628
Iteration 65: New best loss = 0.13170145452022552
Iteration 66: New best loss = 0.12949725985527039
Iteration 67: New best loss = 0.12762245535850525
Iteration 68: New best loss = 0.12573617696762085
Iteration 69: New best loss = 0.12570936977863312
Iteration 70: New best loss = 0.1241258978843689
Iteration 71: New best loss = 0.12357786297798157
Iteration 72: New best loss = 0.1222798153758049
Iteration 73: New best loss = 0.12162889540195465
Iteration 74: New best loss = 0.1209760457277298
Iteration 75: New best loss = 0.12091953307390213
Iteration 76: New best loss = 0.1207764595746994
Iteration 77: New best loss = 0.11912398040294647
Iteration 78: New best loss = 0.11885854601860046
Iteration 79: New best loss = 0.11865737289190292
Iteration 80: New best loss = 0.11687393486499786
Iteration 81: New best loss = 0.11611421406269073
Iteration 82: New best loss = 0.11506742238998413
Iteration 84: New best loss = 0.1149415373802185
Iteration 85: New best loss = 0.11468546837568283
Iteration 86: New best loss = 0.11464810371398926
Iteration 87: New best loss = 0.1140645295381546
Iteration 89: New best loss = 0.11397615075111389
Iteration 90: New best loss = 0.1137961745262146
Iteration 92: New best loss = 0.11318336427211761
Iteration 93: New best loss = 0.1127188503742218
Iteration 94: New best loss = 0.11207342892885208
Iteration 95: New best loss = 0.11205072700977325
Iteration 96: New best loss = 0.11171823740005493
Iteration 97: New best loss = 0.11163904517889023
Iteration 99: New best loss = 0.11122100800275803
Iteration 100: New best loss = 0.11016376316547394
Iteration 100: Best current loss = 0.11016376316547394
Search completed after 100 iterations.
Best loss found: 0.11016376316547394
Total training time: 23.7182 seconds

--- TEST NAME: sine_parameter_scaling 	 Random Sampling 	 Hidden Sizes: (128, 128) ---

Iteration 2: New best loss = 0.6390235424041748
Iteration 3: New best loss = 0.4716779291629791
Iteration 4: New best loss = 0.42332741618156433
Iteration 5: New best loss = 0.3953646123409271
Iteration 6: New best loss = 0.36484313011169434
Iteration 7: New best loss = 0.34425488114356995
Iteration 8: New best loss = 0.3149094581604004
Iteration 9: New best loss = 0.2946469187736511
Iteration 10: New best loss = 0.2726709842681885
Iteration 11: New best loss = 0.2598133981227875
Iteration 12: New best loss = 0.24532276391983032
Iteration 13: New best loss = 0.2269708663225174
Iteration 14: New best loss = 0.21116767823696136
Iteration 15: New best loss = 0.2028423249721527
Iteration 16: New best loss = 0.1986941546201706
Iteration 17: New best loss = 0.1893502026796341
Iteration 18: New best loss = 0.18335095047950745
Iteration 19: New best loss = 0.17895008623600006
Iteration 20: New best loss = 0.1762935072183609
Iteration 21: New best loss = 0.17448818683624268
Iteration 22: New best loss = 0.17144490778446198
Iteration 23: New best loss = 0.1682610958814621
Iteration 24: New best loss = 0.1676056981086731
Iteration 25: New best loss = 0.16590498387813568
Iteration 26: New best loss = 0.16221174597740173
Iteration 27: New best loss = 0.1599007397890091
Iteration 28: New best loss = 0.15694637596607208
Iteration 29: New best loss = 0.15575547516345978
Iteration 30: New best loss = 0.152822807431221
Iteration 31: New best loss = 0.1517266482114792
Iteration 32: New best loss = 0.15023836493492126
Iteration 33: New best loss = 0.14872728288173676
Iteration 34: New best loss = 0.14811180531978607
Iteration 35: New best loss = 0.14675571024417877
Iteration 36: New best loss = 0.1445166915655136
Iteration 37: New best loss = 0.14189928770065308
Iteration 38: New best loss = 0.14067453145980835
Iteration 39: New best loss = 0.13916487991809845
Iteration 40: New best loss = 0.1373545527458191
Iteration 41: New best loss = 0.13684716820716858
Iteration 42: New best loss = 0.13569389283657074
Iteration 43: New best loss = 0.13515478372573853
Iteration 44: New best loss = 0.13451111316680908
Iteration 45: New best loss = 0.13301604986190796
Iteration 46: New best loss = 0.13259194791316986
Iteration 47: New best loss = 0.13218942284584045
Iteration 48: New best loss = 0.13179661333560944
Iteration 49: New best loss = 0.13103561103343964
Iteration 50: New best loss = 0.13052083551883698
Iteration 51: New best loss = 0.1295895129442215
Iteration 52: New best loss = 0.12902340292930603
Iteration 53: New best loss = 0.12834343314170837
Iteration 54: New best loss = 0.12704536318778992
Iteration 55: New best loss = 0.12515892088413239
Iteration 56: New best loss = 0.1230660229921341
Iteration 57: New best loss = 0.1215493232011795
Iteration 58: New best loss = 0.12071368843317032
Iteration 59: New best loss = 0.12021075934171677
Iteration 60: New best loss = 0.1195882260799408
Iteration 61: New best loss = 0.11952779442071915
Iteration 62: New best loss = 0.11942162364721298
Iteration 64: New best loss = 0.11918654292821884
Iteration 65: New best loss = 0.1190742552280426
Iteration 66: New best loss = 0.1188659593462944
Iteration 67: New best loss = 0.11838451027870178
Iteration 68: New best loss = 0.11829505115747452
Iteration 69: New best loss = 0.11729086190462112
Iteration 70: New best loss = 0.11678972095251083
Iteration 71: New best loss = 0.11599977314472198
Iteration 72: New best loss = 0.11495024710893631
Iteration 73: New best loss = 0.11275740712881088
Iteration 74: New best loss = 0.11082512885332108
Iteration 75: New best loss = 0.11021436005830765
Iteration 76: New best loss = 0.10756564140319824
Iteration 77: New best loss = 0.1040806844830513
Iteration 80: New best loss = 0.10371961444616318
Iteration 81: New best loss = 0.10349336266517639
Iteration 82: New best loss = 0.1032693013548851
Iteration 83: New best loss = 0.10266698896884918
Iteration 84: New best loss = 0.10142833739519119
Iteration 85: New best loss = 0.10129668563604355
Iteration 86: New best loss = 0.09802047908306122
Iteration 87: New best loss = 0.0968795195221901
Iteration 88: New best loss = 0.09623443335294724
Iteration 89: New best loss = 0.09492151439189911
Iteration 90: New best loss = 0.09449540078639984
Iteration 91: New best loss = 0.09439951926469803
Iteration 92: New best loss = 0.09389176964759827
Iteration 93: New best loss = 0.09356419742107391
Iteration 94: New best loss = 0.09335504472255707
Iteration 95: New best loss = 0.09265334904193878
Iteration 96: New best loss = 0.09264950454235077
Iteration 97: New best loss = 0.09161180257797241
Iteration 98: New best loss = 0.09156613051891327
Iteration 99: New best loss = 0.0903237909078598
Iteration 100: New best loss = 0.09022505581378937
Iteration 100: Best current loss = 0.09022505581378937
Search completed after 100 iterations.
Best loss found: 0.09022505581378937
Total training time: 49.9762 seconds

--- TEST NAME: sine_parameter_scaling 	 Random Sampling 	 Hidden Sizes: (256, 128) ---

Iteration 2: New best loss = 0.35855475068092346
Iteration 3: New best loss = 0.325175940990448
Iteration 4: New best loss = 0.2929297685623169
Iteration 5: New best loss = 0.2765933871269226
Iteration 6: New best loss = 0.25018906593322754
Iteration 7: New best loss = 0.23581331968307495
Iteration 8: New best loss = 0.22186076641082764
Iteration 9: New best loss = 0.21042896807193756
Iteration 10: New best loss = 0.20013079047203064
Iteration 11: New best loss = 0.18584586679935455
Iteration 12: New best loss = 0.17954246699810028
Iteration 13: New best loss = 0.17435987293720245
Iteration 14: New best loss = 0.16599933803081512
Iteration 15: New best loss = 0.16061720252037048
Iteration 16: New best loss = 0.1574750393629074
Iteration 17: New best loss = 0.1560768038034439
Iteration 18: New best loss = 0.15179604291915894
Iteration 19: New best loss = 0.15064290165901184
Iteration 20: New best loss = 0.14735037088394165
Iteration 21: New best loss = 0.14560672640800476
Iteration 22: New best loss = 0.14475874602794647
Iteration 23: New best loss = 0.14309464395046234
Iteration 24: New best loss = 0.14119508862495422
Iteration 25: New best loss = 0.13959069550037384
Iteration 26: New best loss = 0.13879622519016266
Iteration 27: New best loss = 0.1378934532403946
Iteration 28: New best loss = 0.1368587613105774
Iteration 29: New best loss = 0.13621236383914948
Iteration 30: New best loss = 0.13495153188705444
Iteration 31: New best loss = 0.13469398021697998
Iteration 32: New best loss = 0.1344301402568817
Iteration 33: New best loss = 0.13326653838157654
Iteration 34: New best loss = 0.1331915408372879
Iteration 35: New best loss = 0.1326524019241333
Iteration 36: New best loss = 0.1323642134666443
Iteration 37: New best loss = 0.13108253479003906
Iteration 38: New best loss = 0.1287866234779358
Iteration 39: New best loss = 0.12773025035858154
Iteration 40: New best loss = 0.1271960288286209
Iteration 41: New best loss = 0.12686742842197418
Iteration 42: New best loss = 0.12601445615291595
Iteration 43: New best loss = 0.1259271204471588
Iteration 44: New best loss = 0.12581782042980194
Iteration 45: New best loss = 0.12395883351564407
Iteration 47: New best loss = 0.12326888740062714
Iteration 48: New best loss = 0.12299122661352158
Iteration 49: New best loss = 0.12233120948076248
Iteration 50: New best loss = 0.12152767181396484
Iteration 51: New best loss = 0.12091736495494843
Iteration 52: New best loss = 0.12043554335832596
Iteration 53: New best loss = 0.12000367790460587
Iteration 54: New best loss = 0.1190340518951416
Iteration 55: New best loss = 0.11820781975984573
Iteration 56: New best loss = 0.11735816299915314
Iteration 57: New best loss = 0.11519074440002441
Iteration 58: New best loss = 0.11448901891708374
Iteration 59: New best loss = 0.11316708475351334
Iteration 60: New best loss = 0.11312665045261383
Iteration 61: New best loss = 0.11309583485126495
Iteration 62: New best loss = 0.11300244927406311
Iteration 63: New best loss = 0.11202047020196915
Iteration 65: New best loss = 0.11046014726161957
Iteration 66: New best loss = 0.1087154671549797
Iteration 67: New best loss = 0.10738164931535721
Iteration 68: New best loss = 0.10717380791902542
Iteration 69: New best loss = 0.10691922158002853
Iteration 70: New best loss = 0.10627260059118271
Iteration 71: New best loss = 0.10348030179738998
Iteration 72: New best loss = 0.1029132828116417
Iteration 74: New best loss = 0.10202966630458832
Iteration 75: New best loss = 0.10201014578342438
Iteration 77: New best loss = 0.10168971121311188
Iteration 78: New best loss = 0.10168885439634323
Iteration 79: New best loss = 0.10156381875276566
Iteration 80: New best loss = 0.1012289971113205
Iteration 81: New best loss = 0.1011628732085228
Iteration 85: New best loss = 0.09898155182600021
Iteration 86: New best loss = 0.09671985357999802
Iteration 87: New best loss = 0.0961553156375885
Iteration 88: New best loss = 0.09514763951301575
Iteration 89: New best loss = 0.09488917142152786
Iteration 90: New best loss = 0.09446624666452408
Iteration 91: New best loss = 0.0940907895565033
Iteration 92: New best loss = 0.09397163987159729
Iteration 93: New best loss = 0.09377963840961456
Iteration 94: New best loss = 0.09368027001619339
Iteration 95: New best loss = 0.09350084513425827
Iteration 96: New best loss = 0.09339296072721481
Iteration 97: New best loss = 0.09287213534116745
Iteration 98: New best loss = 0.09259185194969177
Iteration 99: New best loss = 0.09245600551366806
Iteration 100: New best loss = 0.09243431687355042
Iteration 100: Best current loss = 0.09243431687355042
Search completed after 100 iterations.
Best loss found: 0.09243431687355042
Total training time: 87.2548 seconds
Successfully saved metrics to sine_parameter_scaling/sine_parameter_scaling.json
Successfully loaded metrics from sine_parameter_scaling/sine_parameter_scaling.json
